*** EVALUATION ***
PROGRAM "IR_SENSOR.abs"

*********************************************************************************************
TARGET SECTION
---------------------------------------------------------------------------------------------
Processor   : Freescale HC08
Memory Model: SMALL
File Format : ELF\DWARF 2.0
Linker      : SmartLinker V-5.0.51 Build 14019, Jan 20 2014

*********************************************************************************************
FILE SECTION
---------------------------------------------------------------------------------------------
main_asm.obj                            Model: SMALL,         Lang: Assembler

*********************************************************************************************
STARTUP SECTION
---------------------------------------------------------------------------------------------
Entry point: 0xE000 (_Startup)

*********************************************************************************************
SECTION-ALLOCATION SECTION
Section Name                    Size  Type     From       To       Segment
---------------------------------------------------------------------------------------------
.init                            106     R     0xE000     0xE069   ROM
.stack                            64   R/W      0x100      0x13F   RAM
.vectSeg0_vect                     2     R     0xFFFE     0xFFFF   .vectSeg0

Summary of section sizes per section type:
READ_ONLY (R):          6C (dec:      108)
READ_WRITE (R/W):       40 (dec:       64)

*********************************************************************************************
VECTOR-ALLOCATION SECTION
    Address     InitValue   InitFunction
---------------------------------------------------------------------------------------------
     0xFFFE        0xE000   _Startup

*********************************************************************************************
OBJECT-ALLOCATION SECTION
     Name               Module                 Addr   hSize   dSize     Ref    Section   RLIB
---------------------------------------------------------------------------------------------
MODULE:                 -- main_asm.obj --
- PROCEDURES:
     _Startup                                  E000      26      38       0   .init       
     main                                      E000       0       0       0   .init       
     mainLoop                                  E026       A      10       0   .init       
     LED_OFF                                   E030       A      10       0   .init       
     LED_ON                                    E03A       A      10       0   .init       
     IR_PULSE                                  E044       6       6       0   .init       
     tBajo                                     E04A       B      11       0   .init       
     tAlto                                     E055       A      10       0   .init       
     DELAY20                                   E05F       2       2       2   .init       
     RT1                                       E061       3       3       0   .init       
     RT2                                       E064       6       6       0   .init       
- VARIABLES:
- LABELS:
     __SEG_END_SSTACK                           140       0       0       1               

*********************************************************************************************
MODULE STATISTIC
  Name                                      Data   Code  Const
---------------------------------------------------------------------------------------------
  main_asm.obj                                 0    106      0
  other                                       64      2      0

*********************************************************************************************
SECTION USE IN OBJECT-ALLOCATION SECTION
---------------------------------------------------------------------------------------------
SECTION: ".init"
  main _Startup mainLoop LED_OFF LED_ON IR_PULSE tBajo tAlto DELAY20 RT1 RT2 

*********************************************************************************************
OBJECT LIST SORTED BY ADDRESS
     Name                                      Addr   hSize   dSize     Ref    Section   RLIB
---------------------------------------------------------------------------------------------
     main                                      E000       0       0       0   .init       
     _Startup                                  E000      26      38       0   .init       
     mainLoop                                  E026       A      10       0   .init       
     LED_OFF                                   E030       A      10       0   .init       
     LED_ON                                    E03A       A      10       0   .init       
     IR_PULSE                                  E044       6       6       0   .init       
     tBajo                                     E04A       B      11       0   .init       
     tAlto                                     E055       A      10       0   .init       
     DELAY20                                   E05F       2       2       2   .init       
     RT1                                       E061       3       3       0   .init       
     RT2                                       E064       6       6       0   .init       

*********************************************************************************************
UNUSED-OBJECTS SECTION
---------------------------------------------------------------------------------------------

*********************************************************************************************
COPYDOWN SECTION
---------------------------------------------------------------------------------------------

*********************************************************************************************
OBJECT-DEPENDENCIES SECTION
---------------------------------------------------------------------------------------------
_Startup                  USES __SEG_END_SSTACK 
tBajo                     USES DELAY20 
tAlto                     USES DELAY20 

*********************************************************************************************
DEPENDENCY TREE
*********************************************************************************************
 main and _Startup Group
 | 
 +- main                
 |    
 +- _Startup            
      
*********************************************************************************************
STATISTIC SECTION
---------------------------------------------------------------------------------------------

ExeFile:
--------
Number of blocks to be downloaded: 2
Total size of all blocks to be downloaded: 108

